\BOOKMARK [0][-]{chapter.1}{\376\377\000I\000n\000t\000r\000o\000d\000u\000c\000t\000i\000o\000n}{}% 1
\BOOKMARK [1][-]{section.1.1}{\376\377\000B\000a\000c\000k\000g\000r\000o\000u\000n\000d\000\040\000a\000n\000d\000\040\000M\000o\000t\000i\000v\000a\000t\000i\000o\000n}{chapter.1}% 2
\BOOKMARK [1][-]{section.1.2}{\376\377\000P\000r\000o\000b\000l\000e\000m\000\040\000S\000t\000a\000t\000e\000m\000e\000n\000t}{chapter.1}% 3
\BOOKMARK [1][-]{section.1.3}{\376\377\000A\000i\000m}{chapter.1}% 4
\BOOKMARK [1][-]{section.1.4}{\376\377\000R\000e\000s\000e\000a\000r\000c\000h\000\040\000O\000b\000j\000e\000c\000t\000i\000v\000e\000s}{chapter.1}% 5
\BOOKMARK [1][-]{section.1.5}{\376\377\000R\000e\000s\000e\000a\000r\000c\000h\000\040\000Q\000u\000e\000s\000t\000i\000o\000n\000s}{chapter.1}% 6
\BOOKMARK [1][-]{section.1.6}{\376\377\000E\000x\000p\000e\000c\000t\000e\000d\000\040\000a\000n\000d\000\040\000A\000c\000t\000u\000a\000l\000\040\000C\000o\000n\000t\000r\000i\000b\000u\000t\000i\000o\000n\000s}{chapter.1}% 7
\BOOKMARK [1][-]{section.1.7}{\376\377\000S\000c\000o\000p\000e\000\040\000a\000n\000d\000\040\000D\000e\000l\000i\000m\000i\000t\000a\000t\000i\000o\000n\000s}{chapter.1}% 8
\BOOKMARK [1][-]{section.1.8}{\376\377\000D\000i\000s\000s\000e\000r\000t\000a\000t\000i\000o\000n\000\040\000S\000t\000r\000u\000c\000t\000u\000r\000e}{chapter.1}% 9
\BOOKMARK [0][-]{chapter.2}{\376\377\000R\000e\000l\000a\000t\000e\000d\000\040\000W\000o\000r\000k}{}% 10
\BOOKMARK [1][-]{section.2.1}{\376\377\000E\000n\000s\000e\000m\000b\000l\000e\000\040\000L\000e\000a\000r\000n\000i\000n\000g}{chapter.2}% 11
\BOOKMARK [2][-]{subsection.2.1.1}{\376\377\000M\000o\000t\000i\000v\000a\000t\000i\000o\000n\000\040\000f\000o\000r\000\040\000E\000n\000s\000e\000m\000b\000l\000e\000\040\000L\000e\000a\000r\000n\000i\000n\000g}{section.2.1}% 12
\BOOKMARK [2][-]{subsection.2.1.2}{\376\377\000B\000a\000g\000g\000i\000n\000g\000,\000\040\000B\000o\000o\000s\000t\000i\000n\000g\000\040\000a\000n\000d\000\040\000S\000t\000a\000c\000k\000i\000n\000g}{section.2.1}% 13
\BOOKMARK [2][-]{subsection.2.1.3}{\376\377\000O\000u\000t\000-\000o\000f\000-\000F\000o\000l\000d\000\040\000S\000t\000a\000c\000k\000i\000n\000g}{section.2.1}% 14
\BOOKMARK [2][-]{subsection.2.1.4}{\376\377\000E\000r\000r\000o\000r\000-\000C\000o\000r\000r\000e\000c\000t\000i\000n\000g\000\040\000O\000u\000t\000p\000u\000t\000\040\000C\000o\000d\000e\000s}{section.2.1}% 15
\BOOKMARK [1][-]{section.2.2}{\376\377\000Q\000u\000a\000n\000t\000u\000m\000\040\000M\000a\000c\000h\000i\000n\000e\000\040\000L\000e\000a\000r\000n\000i\000n\000g}{chapter.2}% 16
\BOOKMARK [2][-]{subsection.2.2.1}{\376\377\000N\000e\000a\000r\000-\000T\000e\000r\000m\000\040\000Q\000u\000a\000n\000t\000u\000m\000\040\000M\000a\000c\000h\000i\000n\000e\000\040\000L\000e\000a\000r\000n\000i\000n\000g}{section.2.2}% 17
\BOOKMARK [2][-]{subsection.2.2.2}{\376\377\000V\000a\000r\000i\000a\000t\000i\000o\000n\000a\000l\000\040\000Q\000u\000a\000n\000t\000u\000m\000\040\000C\000l\000a\000s\000s\000i\000f\000i\000e\000r\000s}{section.2.2}% 18
\BOOKMARK [2][-]{subsection.2.2.3}{\376\377\000Q\000u\000a\000n\000t\000u\000m\000\040\000F\000e\000a\000t\000u\000r\000e\000\040\000E\000n\000c\000o\000d\000i\000n\000g\000\040\000a\000n\000d\000\040\000R\000e\000-\000u\000p\000l\000o\000a\000d\000i\000n\000g}{section.2.2}% 19
\BOOKMARK [2][-]{subsection.2.2.4}{\376\377\000A\000n\000s\000a\000t\000z\000\040\000D\000e\000s\000i\000g\000n\000\040\000a\000n\000d\000\040\000E\000n\000t\000a\000n\000g\000l\000e\000m\000e\000n\000t}{section.2.2}% 20
\BOOKMARK [2][-]{subsection.2.2.5}{\376\377\000T\000r\000a\000i\000n\000a\000b\000i\000l\000i\000t\000y\000\040\000a\000n\000d\000\040\000S\000c\000a\000l\000i\000n\000g}{section.2.2}% 21
\BOOKMARK [2][-]{subsection.2.2.6}{\376\377\000M\000e\000a\000s\000u\000r\000e\000m\000e\000n\000t\000\040\000a\000n\000d\000\040\000Q\000u\000a\000n\000t\000u\000m\000\040\000I\000n\000f\000o\000r\000m\000a\000t\000i\000o\000n}{section.2.2}% 22
\BOOKMARK [1][-]{section.2.3}{\376\377\000Q\000u\000a\000n\000t\000u\000m\000\040\000E\000n\000s\000e\000m\000b\000l\000e\000\040\000L\000e\000a\000r\000n\000i\000n\000g}{chapter.2}% 23
\BOOKMARK [2][-]{subsection.2.3.1}{\376\377\000C\000o\000h\000e\000r\000e\000n\000t\000\040\000S\000u\000p\000e\000r\000p\000o\000s\000i\000t\000i\000o\000n\000\040\000E\000n\000s\000e\000m\000b\000l\000e\000s}{section.2.3}% 24
\BOOKMARK [2][-]{subsection.2.3.2}{\376\377\000M\000e\000a\000s\000u\000r\000e\000d\000\040\000Q\000u\000a\000n\000t\000u\000m\000\040\000B\000a\000g\000g\000i\000n\000g\000\040\000a\000n\000d\000\040\000B\000o\000o\000s\000t\000i\000n\000g}{section.2.3}% 25
\BOOKMARK [2][-]{subsection.2.3.3}{\376\377\000M\000e\000a\000s\000u\000r\000e\000d\000\040\000a\000n\000d\000\040\000H\000y\000b\000r\000i\000d\000\040\000Q\000u\000a\000n\000t\000u\000m\000\040\000S\000t\000a\000c\000k\000i\000n\000g}{section.2.3}% 26
\BOOKMARK [2][-]{subsection.2.3.4}{\376\377\000Q\000u\000a\000n\000t\000u\000m\000\040\000M\000e\000t\000a\000-\000L\000e\000a\000r\000n\000i\000n\000g\000\040\000a\000f\000t\000e\000r\000\040\000M\000e\000a\000s\000u\000r\000e\000m\000e\000n\000t}{section.2.3}% 27
\BOOKMARK [2][-]{subsection.2.3.5}{\376\377\000M\000o\000d\000u\000l\000a\000r\000\040\000a\000n\000d\000\040\000C\000o\000h\000e\000r\000e\000n\000t\000\040\000Q\000u\000a\000n\000t\000u\000m\000\040\000A\000g\000g\000r\000e\000g\000a\000t\000i\000o\000n}{section.2.3}% 28
\BOOKMARK [1][-]{section.2.4}{\376\377\000G\000a\000p\000\040\000A\000n\000a\000l\000y\000s\000i\000s}{chapter.2}% 29
\BOOKMARK [2][-]{subsection.2.4.1}{\376\377\000L\000i\000m\000i\000t\000a\000t\000i\000o\000n\000s\000\040\000o\000f\000\040\000E\000x\000i\000s\000t\000i\000n\000g\000\040\000W\000o\000r\000k}{section.2.4}% 30
\BOOKMARK [2][-]{subsection.2.4.2}{\376\377\000R\000e\000s\000e\000a\000r\000c\000h\000\040\000G\000a\000p\000\040\000A\000d\000d\000r\000e\000s\000s\000e\000d\000\040\000b\000y\000\040\000T\000h\000i\000s\000\040\000D\000i\000s\000s\000e\000r\000t\000a\000t\000i\000o\000n}{section.2.4}% 31
\BOOKMARK [0][-]{chapter.3}{\376\377\000A\000p\000p\000r\000o\000a\000c\000h\000\040\000a\000n\000d\000\040\000M\000e\000t\000h\000o\000d\000o\000l\000o\000g\000y}{}% 32
\BOOKMARK [1][-]{section.3.1}{\376\377\000R\000e\000s\000e\000a\000r\000c\000h\000\040\000D\000e\000s\000i\000g\000n}{chapter.3}% 33
\BOOKMARK [2][-]{subsection.3.1.1}{\376\377\000E\000x\000p\000e\000r\000i\000m\000e\000n\000t\000a\000l\000\040\000C\000o\000n\000d\000i\000t\000i\000o\000n\000s}{section.3.1}% 34
\BOOKMARK [1][-]{section.3.2}{\376\377\000S\000y\000s\000t\000e\000m\000\040\000O\000v\000e\000r\000v\000i\000e\000w}{chapter.3}% 35
\BOOKMARK [1][-]{section.3.3}{\376\377\000I\000m\000p\000l\000e\000m\000e\000n\000t\000a\000t\000i\000o\000n\000\040\000a\000n\000d\000\040\000C\000o\000m\000p\000u\000t\000a\000t\000i\000o\000n\000a\000l\000\040\000E\000n\000v\000i\000r\000o\000n\000m\000e\000n\000t}{chapter.3}% 36
\BOOKMARK [1][-]{section.3.4}{\376\377\000D\000a\000t\000a\000s\000e\000t\000s}{chapter.3}% 37
\BOOKMARK [2][-]{subsection.3.4.1}{\376\377\000D\000a\000t\000a\000s\000e\000t\000\040\000R\000o\000l\000e\000s}{section.3.4}% 38
\BOOKMARK [2][-]{subsection.3.4.2}{\376\377\000D\000a\000t\000a\000s\000e\000t\000\040\000C\000h\000a\000r\000a\000c\000t\000e\000r\000i\000s\000t\000i\000c\000s}{section.3.4}% 39
\BOOKMARK [1][-]{section.3.5}{\376\377\000D\000a\000t\000a\000\040\000P\000r\000e\000p\000r\000o\000c\000e\000s\000s\000i\000n\000g}{chapter.3}% 40
\BOOKMARK [2][-]{subsection.3.5.1}{\376\377\000C\000l\000e\000a\000n\000i\000n\000g\000\040\000a\000n\000d\000\040\000M\000i\000s\000s\000i\000n\000g\000\040\000V\000a\000l\000u\000e\000s}{section.3.5}% 41
\BOOKMARK [2][-]{subsection.3.5.2}{\376\377\000C\000a\000t\000e\000g\000o\000r\000i\000c\000a\000l\000\040\000E\000n\000c\000o\000d\000i\000n\000g}{section.3.5}% 42
\BOOKMARK [2][-]{subsection.3.5.3}{\376\377\000S\000c\000a\000l\000i\000n\000g}{section.3.5}% 43
\BOOKMARK [2][-]{subsection.3.5.4}{\376\377\000D\000a\000t\000a\000\040\000S\000p\000l\000i\000t\000s}{section.3.5}% 44
\BOOKMARK [1][-]{section.3.6}{\376\377\000V\000a\000r\000i\000a\000t\000i\000o\000n\000a\000l\000\040\000Q\000u\000a\000n\000t\000u\000m\000\040\000C\000l\000a\000s\000s\000i\000f\000i\000e\000r}{chapter.3}% 45
\BOOKMARK [2][-]{subsection.3.6.1}{\376\377\000V\000Q\000C\000\040\000I\000n\000t\000e\000r\000f\000a\000c\000e\000\040\000a\000n\000d\000\040\000O\000u\000t\000p\000u\000t\000\040\000M\000a\000p\000p\000i\000n\000g}{section.3.6}% 46
\BOOKMARK [2][-]{subsection.3.6.2}{\376\377\000F\000e\000a\000t\000u\000r\000e\000\040\000S\000u\000b\000s\000p\000a\000c\000i\000n\000g}{section.3.6}% 47
\BOOKMARK [2][-]{subsection.3.6.3}{\376\377\000E\000n\000c\000o\000d\000i\000n\000g\000\040\000L\000a\000y\000e\000r\000s}{section.3.6}% 48
\BOOKMARK [2][-]{subsection.3.6.4}{\376\377\000T\000r\000a\000i\000n\000a\000b\000l\000e\000\040\000a\000n\000d\000\040\000E\000n\000t\000a\000n\000g\000l\000i\000n\000g\000\040\000L\000a\000y\000e\000r\000s}{section.3.6}% 49
\BOOKMARK [1][-]{section.3.7}{\376\377\000V\000Q\000C\000\040\000A\000r\000c\000h\000i\000t\000e\000c\000t\000u\000r\000e\000\040\000E\000x\000p\000l\000o\000r\000a\000t\000i\000o\000n}{chapter.3}% 50
\BOOKMARK [2][-]{subsection.3.7.1}{\376\377\000P\000u\000r\000p\000o\000s\000e}{section.3.7}% 51
\BOOKMARK [2][-]{subsection.3.7.2}{\376\377\000S\000e\000a\000r\000c\000h\000\040\000S\000p\000a\000c\000e}{section.3.7}% 52
\BOOKMARK [2][-]{subsection.3.7.3}{\376\377\000S\000e\000a\000r\000c\000h\000\040\000E\000x\000e\000c\000u\000t\000i\000o\000n}{section.3.7}% 53
\BOOKMARK [2][-]{subsection.3.7.4}{\376\377\000R\000a\000n\000k\000i\000n\000g\000\040\000a\000n\000d\000\040\000S\000e\000l\000e\000c\000t\000i\000o\000n}{section.3.7}% 54
\BOOKMARK [1][-]{section.3.8}{\376\377\000E\000C\000O\000C\000\040\000B\000a\000s\000e\000\040\000E\000n\000s\000e\000m\000b\000l\000e}{chapter.3}% 55
\BOOKMARK [2][-]{subsection.3.8.1}{\376\377\000C\000o\000d\000i\000n\000g\000\040\000M\000a\000t\000r\000i\000x\000\040\000C\000o\000n\000s\000t\000r\000u\000c\000t\000i\000o\000n}{section.3.8}% 56
\BOOKMARK [2][-]{subsection.3.8.2}{\376\377\000L\000e\000a\000r\000n\000e\000r\000\040\000I\000n\000i\000t\000i\000a\000l\000i\000s\000a\000t\000i\000o\000n}{section.3.8}% 57
\BOOKMARK [2][-]{subsection.3.8.3}{\376\377\000T\000r\000a\000i\000n\000i\000n\000g\000\040\000a\000n\000d\000\040\000D\000i\000v\000e\000r\000s\000i\000t\000y}{section.3.8}% 58
\BOOKMARK [2][-]{subsection.3.8.4}{\376\377\000D\000i\000r\000e\000c\000t\000\040\000M\000e\000a\000s\000u\000r\000e\000d\000\040\000A\000g\000g\000r\000e\000g\000a\000t\000i\000o\000n}{section.3.8}% 59
\BOOKMARK [1][-]{section.3.9}{\376\377\000C\000l\000a\000s\000s\000i\000c\000a\000l\000\040\000M\000e\000a\000s\000u\000r\000e\000d\000\040\000S\000t\000a\000c\000k\000i\000n\000g}{chapter.3}% 60
\BOOKMARK [2][-]{subsection.3.9.1}{\376\377\000M\000e\000t\000a\000-\000F\000e\000a\000t\000u\000r\000e\000\040\000C\000o\000n\000s\000t\000r\000u\000c\000t\000i\000o\000n}{section.3.9}% 61
\BOOKMARK [2][-]{subsection.3.9.2}{\376\377\000O\000u\000t\000-\000o\000f\000-\000F\000o\000l\000d\000\040\000T\000r\000a\000i\000n\000i\000n\000g\000\040\000P\000r\000o\000c\000e\000d\000u\000r\000e}{section.3.9}% 62
\BOOKMARK [2][-]{subsection.3.9.3}{\376\377\000C\000l\000a\000s\000s\000i\000c\000a\000l\000\040\000M\000e\000t\000a\000-\000L\000e\000a\000r\000n\000e\000r}{section.3.9}% 63
\BOOKMARK [1][-]{section.3.10}{\376\377\000Q\000u\000a\000n\000t\000u\000m\000\040\000R\000e\000-\000E\000n\000c\000o\000d\000i\000n\000g\000\040\000S\000t\000a\000c\000k\000i\000n\000g}{chapter.3}% 64
\BOOKMARK [2][-]{subsection.3.10.1}{\376\377\000M\000e\000a\000s\000u\000r\000e\000d\000\040\000I\000n\000p\000u\000t\000s}{section.3.10}% 65
\BOOKMARK [2][-]{subsection.3.10.2}{\376\377\000M\000e\000t\000a\000-\000V\000Q\000C}{section.3.10}% 66
\BOOKMARK [2][-]{subsection.3.10.3}{\376\377\000P\000u\000r\000p\000o\000s\000e\000\040\000o\000f\000\040\000t\000h\000e\000\040\000C\000o\000n\000d\000i\000t\000i\000o\000n}{section.3.10}% 67
\BOOKMARK [1][-]{section.3.11}{\376\377\000M\000e\000a\000s\000u\000r\000e\000m\000e\000n\000t\000-\000F\000r\000e\000e\000\040\000Q\000u\000a\000n\000t\000u\000m\000\040\000S\000t\000a\000c\000k\000i\000n\000g}{chapter.3}% 68
\BOOKMARK [2][-]{subsection.3.11.1}{\376\377\000A\000r\000c\000h\000i\000t\000e\000c\000t\000u\000r\000a\000l\000\040\000P\000r\000i\000n\000c\000i\000p\000l\000e}{section.3.11}% 69
\BOOKMARK [2][-]{subsection.3.11.2}{\376\377\000B\000a\000s\000e\000-\000C\000i\000r\000c\000u\000i\000t\000\040\000C\000o\000m\000p\000o\000s\000i\000t\000i\000o\000n}{section.3.11}% 70
\BOOKMARK [2][-]{subsection.3.11.3}{\376\377\000F\000r\000o\000z\000e\000n\000\040\000B\000a\000s\000e\000\040\000P\000a\000r\000a\000m\000e\000t\000e\000r\000s}{section.3.11}% 71
\BOOKMARK [2][-]{subsection.3.11.4}{\376\377\000M\000e\000t\000a\000-\000W\000i\000r\000e\000\040\000S\000e\000l\000e\000c\000t\000i\000o\000n}{section.3.11}% 72
\BOOKMARK [2][-]{subsection.3.11.5}{\376\377\000C\000r\000o\000s\000s\000-\000L\000e\000a\000r\000n\000e\000r\000\040\000M\000e\000t\000a\000-\000C\000i\000r\000c\000u\000i\000t}{section.3.11}% 73
\BOOKMARK [2][-]{subsection.3.11.6}{\376\377\000F\000i\000n\000a\000l\000\040\000M\000e\000a\000s\000u\000r\000e\000m\000e\000n\000t\000\040\000a\000n\000d\000\040\000C\000l\000a\000s\000s\000\040\000M\000a\000p\000p\000i\000n\000g}{section.3.11}% 74
\BOOKMARK [2][-]{subsection.3.11.7}{\376\377\000S\000c\000a\000l\000i\000n\000g\000\040\000A\000n\000a\000l\000y\000s\000i\000s}{section.3.11}% 75
\BOOKMARK [1][-]{section.3.12}{\376\377\000C\000l\000a\000s\000s\000i\000c\000a\000l\000\040\000R\000e\000f\000e\000r\000e\000n\000c\000e\000\040\000M\000o\000d\000e\000l\000s}{chapter.3}% 76
\BOOKMARK [1][-]{section.3.13}{\376\377\000T\000r\000a\000i\000n\000i\000n\000g\000\040\000P\000r\000o\000t\000o\000c\000o\000l}{chapter.3}% 77
\BOOKMARK [2][-]{subsection.3.13.1}{\376\377\000O\000p\000t\000i\000m\000i\000s\000a\000t\000i\000o\000n}{section.3.13}% 78
\BOOKMARK [2][-]{subsection.3.13.2}{\376\377\000E\000a\000r\000l\000y\000\040\000S\000t\000o\000p\000p\000i\000n\000g}{section.3.13}% 79
\BOOKMARK [2][-]{subsection.3.13.3}{\376\377\000R\000e\000p\000e\000a\000t\000e\000d\000\040\000T\000r\000a\000i\000n\000i\000n\000g\000\040\000a\000n\000d\000\040\000R\000a\000n\000d\000o\000m\000n\000e\000s\000s}{section.3.13}% 80
\BOOKMARK [2][-]{subsection.3.13.4}{\376\377\000E\000x\000e\000c\000u\000t\000i\000o\000n\000\040\000a\000n\000d\000\040\000F\000a\000i\000l\000u\000r\000e\000\040\000H\000a\000n\000d\000l\000i\000n\000g}{section.3.13}% 81
\BOOKMARK [1][-]{section.3.14}{\376\377\000E\000v\000a\000l\000u\000a\000t\000i\000o\000n\000\040\000F\000r\000a\000m\000e\000w\000o\000r\000k}{chapter.3}% 82
\BOOKMARK [2][-]{subsection.3.14.1}{\376\377\000P\000r\000e\000d\000i\000c\000t\000i\000v\000e\000\040\000M\000e\000t\000r\000i\000c\000s}{section.3.14}% 83
\BOOKMARK [2][-]{subsection.3.14.2}{\376\377\000O\000p\000t\000i\000m\000i\000s\000a\000t\000i\000o\000n\000\040\000M\000e\000t\000r\000i\000c\000s}{section.3.14}% 84
\BOOKMARK [2][-]{subsection.3.14.3}{\376\377\000C\000o\000m\000p\000u\000t\000a\000t\000i\000o\000n\000a\000l\000\040\000M\000e\000t\000r\000i\000c\000s}{section.3.14}% 85
\BOOKMARK [2][-]{subsection.3.14.4}{\376\377\000Q\000u\000a\000n\000t\000u\000m\000\040\000R\000e\000s\000o\000u\000r\000c\000e\000\040\000M\000e\000t\000r\000i\000c\000s}{section.3.14}% 86
\BOOKMARK [1][-]{section.3.15}{\376\377\000N\000o\000i\000s\000e\000\040\000a\000n\000d\000\040\000H\000a\000r\000d\000w\000a\000r\000e\000\040\000E\000v\000a\000l\000u\000a\000t\000i\000o\000n}{chapter.3}% 87
\BOOKMARK [1][-]{section.3.16}{\376\377\000R\000e\000p\000r\000o\000d\000u\000c\000i\000b\000i\000l\000i\000t\000y\000\040\000a\000n\000d\000\040\000R\000e\000s\000u\000l\000t\000\040\000M\000a\000n\000a\000g\000e\000m\000e\000n\000t}{chapter.3}% 88
\BOOKMARK [0][-]{chapter.4}{\376\377\000E\000v\000a\000l\000u\000a\000t\000i\000o\000n\000\040\000a\000n\000d\000\040\000R\000e\000s\000u\000l\000t\000s}{}% 89
\BOOKMARK [1][-]{section.4.1}{\376\377\000E\000x\000p\000e\000r\000i\000m\000e\000n\000t\000a\000l\000\040\000O\000v\000e\000r\000v\000i\000e\000w}{chapter.4}% 90
\BOOKMARK [1][-]{section.4.2}{\376\377\000V\000Q\000C\000\040\000A\000r\000c\000h\000i\000t\000e\000c\000t\000u\000r\000e\000\040\000E\000x\000p\000l\000o\000r\000a\000t\000i\000o\000n}{chapter.4}% 91
\BOOKMARK [2][-]{subsection.4.2.1}{\376\377\000S\000e\000a\000r\000c\000h\000\040\000C\000o\000v\000e\000r\000a\000g\000e}{section.4.2}% 92
\BOOKMARK [2][-]{subsection.4.2.2}{\376\377\000O\000v\000e\000r\000a\000l\000l\000\040\000A\000r\000c\000h\000i\000t\000e\000c\000t\000u\000r\000e\000\040\000T\000r\000e\000n\000d\000s}{section.4.2}% 93
\BOOKMARK [2][-]{subsection.4.2.3}{\376\377\000D\000a\000t\000a\000s\000e\000t\000-\000D\000e\000p\000e\000n\000d\000e\000n\000t\000\040\000B\000e\000h\000a\000v\000i\000o\000u\000r}{section.4.2}% 94
\BOOKMARK [2][-]{subsection.4.2.4}{\376\377\000S\000e\000l\000e\000c\000t\000e\000d\000\040\000B\000a\000s\000e\000\040\000C\000o\000n\000f\000i\000g\000u\000r\000a\000t\000i\000o\000n\000s}{section.4.2}% 95
\BOOKMARK [1][-]{section.4.3}{\376\377\000B\000a\000s\000e\000l\000i\000n\000e\000\040\000C\000l\000a\000s\000s\000i\000f\000i\000c\000a\000t\000i\000o\000n\000\040\000P\000e\000r\000f\000o\000r\000m\000a\000n\000c\000e}{chapter.4}% 96
\BOOKMARK [2][-]{subsection.4.3.1}{\376\377\000C\000l\000a\000s\000s\000i\000c\000a\000l\000\040\000M\000o\000d\000e\000l\000s}{section.4.3}% 97
\BOOKMARK [2][-]{subsection.4.3.2}{\376\377\000I\000n\000d\000i\000v\000i\000d\000u\000a\000l\000\040\000V\000Q\000C\000s}{section.4.3}% 98
\BOOKMARK [2][-]{subsection.4.3.3}{\376\377\000D\000i\000r\000e\000c\000t\000\040\000Q\000u\000a\000n\000t\000u\000m\000E\000C\000O\000C}{section.4.3}% 99
\BOOKMARK [1][-]{section.4.4}{\376\377\000C\000l\000a\000s\000s\000i\000c\000a\000l\000\040\000M\000e\000a\000s\000u\000r\000e\000d\000\040\000S\000t\000a\000c\000k\000i\000n\000g\000\040\000R\000e\000s\000u\000l\000t\000s}{chapter.4}% 100
\BOOKMARK [2][-]{subsection.4.4.1}{\376\377\000P\000r\000e\000d\000i\000c\000t\000i\000v\000e\000\040\000P\000e\000r\000f\000o\000r\000m\000a\000n\000c\000e}{section.4.4}% 101
\BOOKMARK [2][-]{subsection.4.4.2}{\376\377\000P\000e\000r\000-\000C\000l\000a\000s\000s\000\040\000B\000e\000h\000a\000v\000i\000o\000u\000r}{section.4.4}% 102
\BOOKMARK [2][-]{subsection.4.4.3}{\376\377\000C\000o\000m\000p\000u\000t\000a\000t\000i\000o\000n\000a\000l\000\040\000C\000o\000s\000t}{section.4.4}% 103
\BOOKMARK [2][-]{subsection.4.4.4}{\376\377\000R\000e\000s\000e\000a\000r\000c\000h\000\040\000Q\000u\000e\000s\000t\000i\000o\000n\000\040\0002}{section.4.4}% 104
\BOOKMARK [1][-]{section.4.5}{\376\377\000Q\000u\000a\000n\000t\000u\000m\000\040\000R\000e\000-\000E\000n\000c\000o\000d\000i\000n\000g\000\040\000R\000e\000s\000u\000l\000t\000s}{chapter.4}% 105
\BOOKMARK [2][-]{subsection.4.5.1}{\376\377\000P\000r\000e\000d\000i\000c\000t\000i\000v\000e\000\040\000P\000e\000r\000f\000o\000r\000m\000a\000n\000c\000e}{section.4.5}% 106
\BOOKMARK [2][-]{subsection.4.5.2}{\376\377\000C\000o\000n\000v\000e\000r\000g\000e\000n\000c\000e\000\040\000a\000n\000d\000\040\000S\000t\000a\000b\000i\000l\000i\000t\000y}{section.4.5}% 107
\BOOKMARK [2][-]{subsection.4.5.3}{\376\377\000R\000e\000s\000e\000a\000r\000c\000h\000\040\000Q\000u\000e\000s\000t\000i\000o\000n\000\040\0003}{section.4.5}% 108
\BOOKMARK [1][-]{section.4.6}{\376\377\000M\000e\000a\000s\000u\000r\000e\000m\000e\000n\000t\000-\000F\000r\000e\000e\000\040\000S\000t\000a\000c\000k\000i\000n\000g\000\040\000R\000e\000s\000u\000l\000t\000s}{chapter.4}% 109
\BOOKMARK [2][-]{subsection.4.6.1}{\376\377\000I\000m\000p\000l\000e\000m\000e\000n\000t\000a\000t\000i\000o\000n\000\040\000F\000e\000a\000s\000i\000b\000i\000l\000i\000t\000y}{section.4.6}% 110
\BOOKMARK [2][-]{subsection.4.6.2}{\376\377\000P\000r\000e\000d\000i\000c\000t\000i\000v\000e\000\040\000P\000e\000r\000f\000o\000r\000m\000a\000n\000c\000e}{section.4.6}% 111
\BOOKMARK [2][-]{subsection.4.6.3}{\376\377\000C\000o\000n\000v\000e\000r\000g\000e\000n\000c\000e\000\040\000a\000n\000d\000\040\000S\000t\000a\000b\000i\000l\000i\000t\000y}{section.4.6}% 112
\BOOKMARK [2][-]{subsection.4.6.4}{\376\377\000E\000f\000f\000e\000c\000t\000\040\000o\000f\000\040\000E\000n\000s\000e\000m\000b\000l\000e\000\040\000S\000i\000z\000e}{section.4.6}% 113
\BOOKMARK [2][-]{subsection.4.6.5}{\376\377\000E\000f\000f\000e\000c\000t\000\040\000o\000f\000\040\000M\000e\000t\000a\000-\000C\000i\000r\000c\000u\000i\000t\000\040\000D\000e\000s\000i\000g\000n}{section.4.6}% 114
\BOOKMARK [2][-]{subsection.4.6.6}{\376\377\000D\000a\000t\000a\000s\000e\000t\000-\000D\000e\000p\000e\000n\000d\000e\000n\000t\000\040\000E\000f\000f\000e\000c\000t\000s}{section.4.6}% 115
\BOOKMARK [2][-]{subsection.4.6.7}{\376\377\000R\000e\000s\000e\000a\000r\000c\000h\000\040\000Q\000u\000e\000s\000t\000i\000o\000n\000s\000\040\0004\000\040\000a\000n\000d\000\040\0005}{section.4.6}% 116
\BOOKMARK [1][-]{section.4.7}{\376\377\000R\000e\000s\000o\000u\000r\000c\000e\000\040\000a\000n\000d\000\040\000S\000c\000a\000l\000a\000b\000i\000l\000i\000t\000y\000\040\000A\000n\000a\000l\000y\000s\000i\000s}{chapter.4}% 117
\BOOKMARK [2][-]{subsection.4.7.1}{\376\377\000C\000i\000r\000c\000u\000i\000t\000\040\000W\000i\000d\000t\000h}{section.4.7}% 118
\BOOKMARK [2][-]{subsection.4.7.2}{\376\377\000D\000e\000p\000t\000h\000\040\000a\000n\000d\000\040\000G\000a\000t\000e\000\040\000C\000o\000u\000n\000t\000s}{section.4.7}% 119
\BOOKMARK [2][-]{subsection.4.7.3}{\376\377\000T\000r\000a\000i\000n\000i\000n\000g\000\040\000T\000i\000m\000e\000\040\000a\000n\000d\000\040\000M\000e\000m\000o\000r\000y}{section.4.7}% 120
\BOOKMARK [2][-]{subsection.4.7.4}{\376\377\000P\000e\000r\000f\000o\000r\000m\000a\000n\000c\000e\040\023\000C\000o\000s\000t\000\040\000T\000r\000a\000d\000e\000-\000O\000f\000f}{section.4.7}% 121
\BOOKMARK [1][-]{section.4.8}{\376\377\000N\000o\000i\000s\000e\000\040\000o\000r\000\040\000H\000a\000r\000d\000w\000a\000r\000e\000\040\000R\000e\000s\000u\000l\000t\000s}{chapter.4}% 122
\BOOKMARK [1][-]{section.4.9}{\376\377\000S\000t\000a\000t\000i\000s\000t\000i\000c\000a\000l\000\040\000a\000n\000d\000\040\000P\000r\000a\000c\000t\000i\000c\000a\000l\000\040\000S\000i\000g\000n\000i\000f\000i\000c\000a\000n\000c\000e}{chapter.4}% 123
\BOOKMARK [1][-]{section.4.10}{\376\377\000S\000u\000m\000m\000a\000r\000y\000\040\000b\000y\000\040\000R\000e\000s\000e\000a\000r\000c\000h\000\040\000Q\000u\000e\000s\000t\000i\000o\000n}{chapter.4}% 124
\BOOKMARK [0][-]{chapter.5}{\376\377\000D\000i\000s\000c\000u\000s\000s\000i\000o\000n}{}% 125
\BOOKMARK [1][-]{section.5.1}{\376\377\000I\000n\000t\000e\000r\000p\000r\000e\000t\000a\000t\000i\000o\000n\000\040\000o\000f\000\040\000t\000h\000e\000\040\000M\000a\000i\000n\000\040\000F\000i\000n\000d\000i\000n\000g\000s}{chapter.5}% 126
\BOOKMARK [1][-]{section.5.2}{\376\377\000I\000s\000\040\000M\000e\000a\000s\000u\000r\000e\000m\000e\000n\000t\000\040\000a\000n\000\040\000I\000n\000f\000o\000r\000m\000a\000t\000i\000o\000n\000\040\000B\000o\000t\000t\000l\000e\000n\000e\000c\000k\000?}{chapter.5}% 127
\BOOKMARK [1][-]{section.5.3}{\376\377\000W\000h\000e\000n\000\040\000D\000o\000e\000s\000\040\000S\000t\000a\000c\000k\000i\000n\000g\000\040\000H\000e\000l\000p\000?}{chapter.5}% 128
\BOOKMARK [1][-]{section.5.4}{\376\377\000Q\000u\000a\000n\000t\000u\000m\000\040\000M\000e\000t\000a\000-\000L\000e\000a\000r\000n\000i\000n\000g\000\040\000v\000e\000r\000s\000u\000s\000\040\000C\000o\000h\000e\000r\000e\000n\000t\000\040\000A\000g\000g\000r\000e\000g\000a\000t\000i\000o\000n}{chapter.5}% 129
\BOOKMARK [1][-]{section.5.5}{\376\377\000P\000e\000r\000f\000o\000r\000m\000a\000n\000c\000e\040\023\000C\000o\000s\000t\000\040\000T\000r\000a\000d\000e\000-\000O\000f\000f}{chapter.5}% 130
\BOOKMARK [1][-]{section.5.6}{\376\377\000R\000e\000l\000a\000t\000i\000o\000n\000s\000h\000i\000p\000\040\000t\000o\000\040\000E\000x\000i\000s\000t\000i\000n\000g\000\040\000L\000i\000t\000e\000r\000a\000t\000u\000r\000e}{chapter.5}% 131
\BOOKMARK [1][-]{section.5.7}{\376\377\000L\000i\000m\000i\000t\000a\000t\000i\000o\000n\000s}{chapter.5}% 132
\BOOKMARK [1][-]{section.5.8}{\376\377\000T\000h\000r\000e\000a\000t\000s\000\040\000t\000o\000\040\000V\000a\000l\000i\000d\000i\000t\000y}{chapter.5}% 133
\BOOKMARK [2][-]{subsection.5.8.1}{\376\377\000I\000n\000t\000e\000r\000n\000a\000l\000\040\000V\000a\000l\000i\000d\000i\000t\000y}{section.5.8}% 134
\BOOKMARK [2][-]{subsection.5.8.2}{\376\377\000C\000o\000n\000s\000t\000r\000u\000c\000t\000\040\000V\000a\000l\000i\000d\000i\000t\000y}{section.5.8}% 135
\BOOKMARK [2][-]{subsection.5.8.3}{\376\377\000E\000x\000t\000e\000r\000n\000a\000l\000\040\000V\000a\000l\000i\000d\000i\000t\000y}{section.5.8}% 136
\BOOKMARK [2][-]{subsection.5.8.4}{\376\377\000C\000o\000n\000c\000l\000u\000s\000i\000o\000n\000\040\000V\000a\000l\000i\000d\000i\000t\000y}{section.5.8}% 137
\BOOKMARK [0][-]{chapter.6}{\376\377\000C\000o\000n\000c\000l\000u\000s\000i\000o\000n\000\040\000a\000n\000d\000\040\000F\000u\000t\000u\000r\000e\000\040\000W\000o\000r\000k}{}% 138
\BOOKMARK [1][-]{section.6.1}{\376\377\000D\000i\000s\000s\000e\000r\000t\000a\000t\000i\000o\000n\000\040\000S\000u\000m\000m\000a\000r\000y}{chapter.6}% 139
\BOOKMARK [1][-]{section.6.2}{\376\377\000A\000n\000s\000w\000e\000r\000s\000\040\000t\000o\000\040\000t\000h\000e\000\040\000R\000e\000s\000e\000a\000r\000c\000h\000\040\000Q\000u\000e\000s\000t\000i\000o\000n\000s}{chapter.6}% 140
\BOOKMARK [1][-]{section.6.3}{\376\377\000C\000o\000n\000t\000r\000i\000b\000u\000t\000i\000o\000n\000s}{chapter.6}% 141
\BOOKMARK [1][-]{section.6.4}{\376\377\000O\000v\000e\000r\000a\000l\000l\000\040\000C\000o\000n\000c\000l\000u\000s\000i\000o\000n}{chapter.6}% 142
\BOOKMARK [1][-]{section.6.5}{\376\377\000F\000u\000t\000u\000r\000e\000\040\000W\000o\000r\000k}{chapter.6}% 143
\BOOKMARK [0][-]{appendix.A}{\376\377\000D\000a\000t\000a\000s\000e\000t\000\040\000D\000e\000t\000a\000i\000l\000s}{}% 144
\BOOKMARK [0][-]{appendix.B}{\376\377\000V\000Q\000C\000\040\000a\000n\000d\000\040\000A\000n\000s\000a\000t\000z\000\040\000C\000o\000n\000f\000i\000g\000u\000r\000a\000t\000i\000o\000n\000s}{}% 145
\BOOKMARK [0][-]{appendix.C}{\376\377\000E\000x\000p\000e\000r\000i\000m\000e\000n\000t\000a\000l\000\040\000S\000e\000a\000r\000c\000h\000\040\000S\000p\000a\000c\000e\000s}{}% 146
\BOOKMARK [0][-]{appendix.D}{\376\377\000A\000d\000d\000i\000t\000i\000o\000n\000a\000l\000\040\000R\000e\000s\000u\000l\000t\000s}{}% 147
\BOOKMARK [0][-]{appendix.E}{\376\377\000C\000i\000r\000c\000u\000i\000t\000\040\000a\000n\000d\000\040\000R\000e\000s\000o\000u\000r\000c\000e\000\040\000D\000e\000t\000a\000i\000l\000s}{}% 148
\BOOKMARK [0][-]{appendix.F}{\376\377\000C\000o\000m\000p\000u\000t\000a\000t\000i\000o\000n\000a\000l\000\040\000E\000n\000v\000i\000r\000o\000n\000m\000e\000n\000t\000\040\000a\000n\000d\000\040\000R\000e\000p\000r\000o\000d\000u\000c\000i\000b\000i\000l\000i\000t\000y}{}% 149
