This is pdfTeX, Version 3.141592653-2.6-1.40.29 (TeX Live 2026) (preloaded format=pdflatex 2026.3.31)  24 AUG 2026 12:09
entering extended mode
 restricted \write18 enabled.
 file:line:error style messages enabled.
 %&-line parsing enabled.
**c:/Users/edwar/OneDrive/Edward/UCD/Summer/QML-RP/Report/report.tex
(c:/Users/edwar/OneDrive/Edward/UCD/Summer/QML-RP/Report/report.tex
LaTeX2e <2025-11-01>
L3 programming layer <2026-01-19>
(./UCD_CS_MSc_AAI_Report.cls
Document Class: UCD_CS_MSc_AAI_Report 
(c:/tools/TinyTeX/texmf-dist/tex/latex/base/report.cls
Document Class: report 2025/01/22 v1.4n Standard LaTeX document class
(c:/tools/TinyTeX/texmf-dist/tex/latex/base/size11.clo
File: size11.clo 2025/01/22 v1.4n Standard LaTeX file (size option)
)
\c@part=\count275
\c@chapter=\count276
\c@section=\count277
\c@subsection=\count278
\c@subsubsection=\count279
\c@paragraph=\count280
\c@subparagraph=\count281
\c@figure=\count282
\c@table=\count283
\abovecaptionskip=\skip49
\belowcaptionskip=\skip50
\bibindent=\dimen148
) (c:/tools/TinyTeX/texmf-dist/tex/latex/geometry/geometry.sty
Package: geometry 2026/03/07 v6.0 Page Geometry
 (c:/tools/TinyTeX/texmf-dist/tex/latex/graphics/keyval.sty
Package: keyval 2022/05/29 v1.15 key=value parser (DPC)
\KV@toks@=\toks17
) (c:/tools/TinyTeX/texmf-dist/tex/generic/iftex/ifvtex.sty
Package: ifvtex 2019/10/25 v1.7 ifvtex legacy package. Use iftex instead.
 (c:/tools/TinyTeX/texmf-dist/tex/generic/iftex/iftex.sty
Package: iftex 2024/12/12 v1.0g TeX engine tests
))
\Gm@cnth=\count284
\Gm@cntv=\count285
\c@Gm@tempcnt=\count286
\Gm@bindingoffset=\dimen149
\Gm@wd@mp=\dimen150
\Gm@odd@mp=\dimen151
\Gm@even@mp=\dimen152
\Gm@layoutwidth=\dimen153
\Gm@layoutheight=\dimen154
\Gm@layouthoffset=\dimen155
\Gm@layoutvoffset=\dimen156
\Gm@dimlist=\toks18
) (c:/tools/TinyTeX/texmf-dist/tex/latex/base/fontenc.sty
Package: fontenc 2025/07/18 v2.1d Standard LaTeX package
) (c:/tools/TinyTeX/texmf-dist/tex/latex/fancyhdr/fancyhdr.sty
Package: fancyhdr 2025/02/07 v5.2 Extensive control of page headers and footers
\f@nch@headwidth=\skip51
\f@nch@offset@elh=\skip52
\f@nch@offset@erh=\skip53
\f@nch@offset@olh=\skip54
\f@nch@offset@orh=\skip55
\f@nch@offset@elf=\skip56
\f@nch@offset@erf=\skip57
\f@nch@offset@olf=\skip58
\f@nch@offset@orf=\skip59
\f@nch@height=\skip60
\f@nch@footalignment=\skip61
\f@nch@widthL=\skip62
\f@nch@widthC=\skip63
\f@nch@widthR=\skip64
\@temptokenb=\toks19
) (c:/tools/TinyTeX/texmf-dist/tex/latex/lastpage/lastpage.sty
Package: lastpage 2025/08/14 v2.1h lastpage: 2.09 or 2e? (HMM)
 (c:/tools/TinyTeX/texmf-dist/tex/latex/lastpage/lastpage2e.sty
Package: lastpage2e 2025/08/14 v2.1h Decide which 2e lastpage version to use (HMM)
 (c:/tools/TinyTeX/texmf-dist/tex/latex/lastpage/lastpagemodern.sty
Package: lastpagemodern 2025-08-14 v2.1h Refers to last page's name (HMM; JPG)
\c@lastpagecount=\count287
) 
))) (c:/tools/TinyTeX/texmf-dist/tex/latex/graphics/graphicx.sty
Package: graphicx 2024/12/31 v1.2e Enhanced LaTeX Graphics (DPC,SPQR)
 (c:/tools/TinyTeX/texmf-dist/tex/latex/graphics/graphics.sty
Package: graphics 2024/08/06 v1.4g Standard LaTeX Graphics (DPC,SPQR)
 (c:/tools/TinyTeX/texmf-dist/tex/latex/graphics/trig.sty
Package: trig 2023/12/02 v1.11 sin cos tan (DPC)
) (c:/tools/TinyTeX/texmf-dist/tex/latex/graphics-cfg/graphics.cfg
File: graphics.cfg 2016/06/04 v1.11 sample graphics configuration
)
Package graphics Info: Driver file: pdftex.def on input line 106.
 (c:/tools/TinyTeX/texmf-dist/tex/latex/graphics-def/pdftex.def
File: pdftex.def 2025/09/29 v1.2d Graphics/color driver for pdftex
))
\Gin@req@height=\dimen157
\Gin@req@width=\dimen158
) (c:/tools/TinyTeX/texmf-dist/tex/latex/listings/listings.sty
\lst@mode=\count288
\lst@gtempboxa=\box53
\lst@token=\toks20
\lst@length=\count289
\lst@currlwidth=\dimen159
\lst@column=\count290
\lst@pos=\count291
\lst@lostspace=\dimen160
\lst@width=\dimen161
\lst@newlines=\count292
\lst@lineno=\count293
\lst@maxwidth=\dimen162
 (c:/tools/TinyTeX/texmf-dist/tex/latex/listings/lstpatch.sty
File: lstpatch.sty 2025/11/14 1.11b (Carsten Heinz)
) (c:/tools/TinyTeX/texmf-dist/tex/latex/listings/lstmisc.sty
File: lstmisc.sty 2025/11/14 1.11b (Carsten Heinz)
\c@lstnumber=\count294
\lst@skipnumbers=\count295
\lst@framebox=\box54
) (c:/tools/TinyTeX/texmf-dist/tex/latex/listings/listings.cfg
File: listings.cfg 2025/11/14 1.11b listings configuration
))
Package: listings 2025/11/14 1.11b (Carsten Heinz)

==> First Aid for listings.sty no longer applied!
    Expected:
        2024/09/23 1.10c (Carsten Heinz)
    but found:
        2025/11/14 1.11b (Carsten Heinz)
    so I'm assuming it got fixed.
(c:/tools/TinyTeX/texmf-dist/tex/latex/hyperref/hyperref.sty
Package: hyperref 2026-01-29 v7.01p Hypertext links for LaTeX
 (c:/tools/TinyTeX/texmf-dist/tex/latex/kvsetkeys/kvsetkeys.sty
Package: kvsetkeys 2022-10-05 v1.19 Key value parser (HO)
) (c:/tools/TinyTeX/texmf-dist/tex/generic/kvdefinekeys/kvdefinekeys.sty
Package: kvdefinekeys 2019-12-19 v1.6 Define keys (HO)
) (c:/tools/TinyTeX/texmf-dist/tex/generic/pdfescape/pdfescape.sty
Package: pdfescape 2019/12/09 v1.15 Implements pdfTeX's escape features (HO)
 (c:/tools/TinyTeX/texmf-dist/tex/generic/ltxcmds/ltxcmds.sty
Package: ltxcmds 2023-12-04 v1.26 LaTeX kernel commands for general use (HO)
) (c:/tools/TinyTeX/texmf-dist/tex/generic/pdftexcmds/pdftexcmds.sty
Package: pdftexcmds 2020-06-27 v0.33 Utility functions of pdfTeX for LuaTeX (HO)
 (c:/tools/TinyTeX/texmf-dist/tex/generic/infwarerr/infwarerr.sty
Package: infwarerr 2019/12/03 v1.5 Providing info/warning/error messages (HO)
)
Package pdftexcmds Info: \pdf@primitive is available.
Package pdftexcmds Info: \pdf@ifprimitive is available.
Package pdftexcmds Info: \pdfdraftmode found.
)) (c:/tools/TinyTeX/texmf-dist/tex/latex/hycolor/hycolor.sty
Package: hycolor 2020-01-27 v1.10 Color options for hyperref/bookmark (HO)
) (c:/tools/TinyTeX/texmf-dist/tex/latex/hyperref/nameref.sty
Package: nameref 2026-01-29 v2.58 Cross-referencing by name of section
 (c:/tools/TinyTeX/texmf-dist/tex/latex/refcount/refcount.sty
Package: refcount 2019/12/15 v3.6 Data extraction from label references (HO)
) (c:/tools/TinyTeX/texmf-dist/tex/generic/gettitlestring/gettitlestring.sty
Package: gettitlestring 2019/12/15 v1.6 Cleanup title references (HO)
 (c:/tools/TinyTeX/texmf-dist/tex/latex/kvoptions/kvoptions.sty
Package: kvoptions 2022-06-15 v3.15 Key value format for package options (HO)
))
\c@section@level=\count296
) (c:/tools/TinyTeX/texmf-dist/tex/latex/etoolbox/etoolbox.sty
Package: etoolbox 2025/10/02 v2.5m e-TeX tools for LaTeX (JAW)
\etb@tempcnta=\count297
) (c:/tools/TinyTeX/texmf-dist/tex/generic/stringenc/stringenc.sty
Package: stringenc 2019/11/29 v1.12 Convert strings between diff. encodings (HO)
)
\@linkdim=\dimen163
\Hy@linkcounter=\count298
\Hy@pagecounter=\count299
 (c:/tools/TinyTeX/texmf-dist/tex/latex/hyperref/pd1enc.def
File: pd1enc.def 2026-01-29 v7.01p Hyperref: PDFDocEncoding definition (HO)
Now handling font encoding PD1 ...
... no UTF-8 mapping file for font encoding PD1
) (c:/tools/TinyTeX/texmf-dist/tex/generic/intcalc/intcalc.sty
Package: intcalc 2019/12/15 v1.3 Expandable calculations with integers (HO)
)
\Hy@SavedSpaceFactor=\count300
 (c:/tools/TinyTeX/texmf-dist/tex/latex/hyperref/puenc.def
File: puenc.def 2026-01-29 v7.01p Hyperref: PDF Unicode definition (HO)
Now handling font encoding PU ...
... no UTF-8 mapping file for font encoding PU
)
Package hyperref Info: Hyper figures OFF on input line 4201.
Package hyperref Info: Link nesting OFF on input line 4206.
Package hyperref Info: Hyper index ON on input line 4209.
Package hyperref Info: Plain pages OFF on input line 4216.
Package hyperref Info: Backreferencing OFF on input line 4221.
Package hyperref Info: Implicit mode ON; LaTeX internals redefined.
Package hyperref Info: Bookmarks ON on input line 4468.
\c@Hy@tempcnt=\count301
 (c:/tools/TinyTeX/texmf-dist/tex/latex/url/url.sty
\Urlmuskip=\muskip17
Package: url 2013/09/16  ver 3.4  Verb mode for urls, etc.
)
LaTeX Info: Redefining \url on input line 4807.
\XeTeXLinkMargin=\dimen164
 (c:/tools/TinyTeX/texmf-dist/tex/generic/bitset/bitset.sty
Package: bitset 2019/12/09 v1.3 Handle bit-vector datatype (HO)
 (c:/tools/TinyTeX/texmf-dist/tex/generic/bigintcalc/bigintcalc.sty
Package: bigintcalc 2019/12/15 v1.5 Expandable calculations on big integers (HO)
))
\Fld@menulength=\count302
\Field@Width=\dimen165
\Fld@charsize=\dimen166
Package hyperref Info: Hyper figures OFF on input line 6084.
Package hyperref Info: Link nesting OFF on input line 6089.
Package hyperref Info: Hyper index ON on input line 6092.
Package hyperref Info: backreferencing OFF on input line 6099.
Package hyperref Info: Link coloring OFF on input line 6104.
Package hyperref Info: Link coloring with OCG OFF on input line 6109.
Package hyperref Info: PDF/A mode OFF on input line 6114.
\Hy@abspage=\count303
\c@Item=\count304
\c@Hfootnote=\count305
)
Package hyperref Info: Driver (autodetected): hpdftex.
 (c:/tools/TinyTeX/texmf-dist/tex/latex/hyperref/hpdftex.def
File: hpdftex.def 2026-01-29 v7.01p Hyperref driver for pdfTeX
\Fld@listcount=\count306
\c@bookmark@seq@number=\count307
 (c:/tools/TinyTeX/texmf-dist/tex/latex/rerunfilecheck/rerunfilecheck.sty
Package: rerunfilecheck 2025-06-21 v1.11 Rerun checks for auxiliary files (HO)
 (c:/tools/TinyTeX/texmf-dist/tex/generic/uniquecounter/uniquecounter.sty
Package: uniquecounter 2019/12/15 v1.4 Provide unlimited unique counter (HO)
)
Package uniquecounter Info: New unique counter `rerunfilecheck' on input line 284.
)
\Hy@SectionHShift=\skip65
) (c:/tools/TinyTeX/texmf-dist/tex/latex/acronym/acronym.sty
Package: acronym 2025/01/17 v1.50 Support for acronyms (Tobias Oetiker)
 (c:/tools/TinyTeX/texmf-dist/tex/latex/bigfoot/suffix.sty
Package: suffix 2006/07/15 1.5a Variant command support
) (c:/tools/TinyTeX/texmf-dist/tex/generic/xstring/xstring.sty (c:/tools/TinyTeX/texmf-dist/tex/generic/xstring/xstring.tex
\xs_counta=\count308
\xs_countb=\count309
)
Package: xstring 2023/08/22 v1.86 String manipulations (CT)
)
\AC@clearlist=\toks21
) (c:/tools/TinyTeX/texmf-dist/tex/latex/glossaries-extra/glossaries-extra.sty
Package: glossaries-extra 2026/04/21 v2.1 (NLCT)
 (c:/tools/TinyTeX/texmf-dist/tex/latex/xkeyval/xkeyval.sty
Package: xkeyval 2025/11/04 v2.10 package option processing (HA)
 (c:/tools/TinyTeX/texmf-dist/tex/generic/xkeyval/xkeyval.tex (c:/tools/TinyTeX/texmf-dist/tex/generic/xkeyval/xkvutils.tex
\XKV@toks=\toks22
\XKV@tempa@toks=\toks23
\XKV@tempb@toks=\toks24
)
\XKV@depth=\count310
File: xkeyval.tex 2014/12/03 v2.7a key=value parser (HA)
)) (c:/tools/TinyTeX/texmf-dist/tex/latex/glossaries/base/glossaries.sty
Package: glossaries 2026/04/21 v5.1 (NLCT)
 (c:/tools/TinyTeX/texmf-dist/tex/latex/base/ifthen.sty
Package: ifthen 2024/03/16 v1.1e Standard LaTeX ifthen package (DPC)
) (c:/tools/TinyTeX/texmf-dist/tex/latex/mfirstuc/mfirstuc.sty
Package: mfirstuc 2025/04/03 v2.09 (NLCT)
\@glsmfirst=\toks25
\@glsmrest=\toks26
) (c:/tools/TinyTeX/texmf-dist/tex/latex/xfor/xfor.sty
Package: xfor 2009/02/05 v1.05 (NLCT)
) (c:/tools/TinyTeX/texmf-dist/tex/latex/amsmath/amsgen.sty
File: amsgen.sty 1999/11/30 v2.0 generic functions
\@emptytoks=\toks27
\ex@=\dimen167
) (c:/tools/TinyTeX/texmf-dist/tex/latex/datatool/datatool-base.sty
Package: datatool-base 2026/07/31 v3.4.4 (NLCT)
 (c:/tools/TinyTeX/texmf-dist/tex/latex/amsmath/amsmath.sty
Package: amsmath 2025/07/09 v2.17z AMS math features
\@mathmargin=\skip66

For additional information on amsmath, use the `?' option.
(c:/tools/TinyTeX/texmf-dist/tex/latex/amsmath/amstext.sty
Package: amstext 2024/11/17 v2.01 AMS text
) (c:/tools/TinyTeX/texmf-dist/tex/latex/amsmath/amsbsy.sty
Package: amsbsy 1999/11/29 v1.2d Bold Symbols
\pmbraise@=\dimen168
) (c:/tools/TinyTeX/texmf-dist/tex/latex/amsmath/amsopn.sty
Package: amsopn 2022/04/08 v2.04 operator names
)
\inf@bad=\count311
LaTeX Info: Redefining \frac on input line 233.
\uproot@=\count312
\leftroot@=\count313
LaTeX Info: Redefining \overline on input line 398.
LaTeX Info: Redefining \colon on input line 409.
\classnum@=\count314
\DOTSCASE@=\count315
LaTeX Info: Redefining \ldots on input line 495.
LaTeX Info: Redefining \dots on input line 498.
LaTeX Info: Redefining \cdots on input line 619.
\Mathstrutbox@=\box55
\strutbox@=\box56
LaTeX Info: Redefining \big on input line 721.
LaTeX Info: Redefining \Big on input line 722.
LaTeX Info: Redefining \bigg on input line 723.
LaTeX Info: Redefining \Bigg on input line 724.
\big@size=\dimen169
LaTeX Font Info:    Redeclaring font encoding OML on input line 742.
LaTeX Font Info:    Redeclaring font encoding OMS on input line 743.
\macc@depth=\count316
LaTeX Info: Redefining \bmod on input line 904.
LaTeX Info: Redefining \pmod on input line 909.
LaTeX Info: Redefining \smash on input line 939.
LaTeX Info: Redefining \relbar on input line 969.
LaTeX Info: Redefining \Relbar on input line 970.
\c@MaxMatrixCols=\count317
\dotsspace@=\muskip18
\c@parentequation=\count318
\dspbrk@lvl=\count319
\tag@help=\toks28
\row@=\count320
\column@=\count321
\maxfields@=\count322
\andhelp@=\toks29
\eqnshift@=\dimen170
\alignsep@=\dimen171
\tagshift@=\dimen172
\tagwidth@=\dimen173
\totwidth@=\dimen174
\lineht@=\dimen175
\@envbody=\toks30
\multlinegap=\skip67
\multlinetaggap=\skip68
\mathdisplay@stack=\toks31
LaTeX Info: Redefining \[ on input line 2950.
LaTeX Info: Redefining \] on input line 2951.
) (c:/tools/TinyTeX/texmf-dist/tex/latex/tracklang/tracklang.sty
Package: tracklang 2026/05/24 v1.6.8 (NLCT) Track Languages
 (c:/tools/TinyTeX/texmf-dist/tex/generic/tracklang/tracklang.tex))
\l__datatool_tmpa_int=\count323
\l__datatool_tmpb_int=\count324
\l__datatool_tmpc_int=\count325
\l__datatool_tmpd_int=\count326
\l__datatool_count_int=\count327
\l__datatool_tmp_datatype_int=\count328
\l__datatool_tmpa_dim=\dimen176
\l__datatool_tmpb_dim=\dimen177
 (c:/tools/TinyTeX/texmf-dist/tex/latex/datatool/datatool-l3fp.def
File: datatool-l3fp.def 2026/07/31 v3.4.4 (NLCT)
)
\@dtl@toks=\toks32
\@dtl@tmpcount=\count329
\dtl@tmplength=\skip69
\l__datatool_measure_box=\box57
\dtl@sortresult=\count330
 (c:/tools/TinyTeX/texmf-dist/tex/latex/datatool/datatool-utf8.ldf
File: datatool-utf8.ldf 2026/07/31 v3.4.4 (NLCT)
)
\@dtl@datatype=\count331
\c_datatool_unknown_int=\count332
\l__datatool_year_int=\count333
\l__datatool_month_int=\count334
\l__datatool_day_int=\count335
\l__datatool_hour_int=\count336
\l__datatool_minute_int=\count337
\l__datatool_second_int=\count338
\l__datatool_tzhour_int=\count339
\l__datatool_tzminute_int=\count340
\l__datatool_julian_int=\count341
\l__datatool_local_julian_int=\count342
\l__datatool_prefix_int=\count343
\l__datatool_suffix_int=\count344
\@dtl@foreach@level=\count345
\dtl@codeA=\count346
\dtl@codeB=\count347
)
\gls@level=\count348
\@gls@tmpb=\toks33
\gls@tmplen=\skip70
\l__glossaries_tmpa_dim=\dimen178
\l__glossaries_tmpb_dim=\dimen179
\glskeylisttok=\toks34
\glslabeltok=\toks35
\glsshorttok=\toks36
\glslongtok=\toks37
 (c:/tools/TinyTeX/texmf-dist/tex/latex/glossaries/styles/glossary-hypernav.sty
Package: glossary-hypernav 2026/04/21 v5.1 (NLCT)
) (c:/tools/TinyTeX/texmf-dist/tex/latex/glossaries/styles/glossary-list.sty
Package: glossary-list 2026/04/21 v5.1 (NLCT)
\glslistdottedwidth=\skip71
) (c:/tools/TinyTeX/texmf-dist/tex/latex/glossaries/styles/glossary-long.sty
Package: glossary-long 2026/04/21 v5.1 (NLCT)
 (c:/tools/TinyTeX/texmf-dist/tex/latex/tools/longtable.sty
Package: longtable 2025-10-13 v4.24 Multi-page Table package (DPC)
\LTleft=\skip72
\LTright=\skip73
\LTpre=\skip74
\LTpost=\skip75
\LTchunksize=\count349
\LTcapwidth=\dimen180
\LT@head=\box58
\LT@firsthead=\box59
\LT@foot=\box60
\LT@lastfoot=\box61
\LT@gbox=\box62
\LT@cols=\count350
\LT@rows=\count351
\c@LT@tables=\count352
\c@LT@chunks=\count353
\LT@p@ftn=\toks38
)
\glsdescwidth=\skip76
\glspagelistwidth=\skip77
) (c:/tools/TinyTeX/texmf-dist/tex/latex/glossaries/styles/glossary-tree.sty
Package: glossary-tree 2026/04/21 v5.1 (NLCT)
\l__glossaries_tree_max_known_level_int=\count354
\l__glossaries_tree_offset_dim=\dimen181
\l__glossaries_tree_namewidth_dim=\dimen182
\l__glossaries_tree_symbolwidth_dim=\dimen183
\l__glossaries_tree_prenamesym_width_dim=\dimen184
\l__glossaries_tree_presubnamesym_width_dim=\dimen185
\l__glossaries_tree_namewidth_padding_dim=\dimen186
\l__glossaries_tree_symbolwidth_padding_dim=\dimen187
\l__glossaries_tree_namesymbolwidth_dim=\dimen188
\l__glossaries_tree_namesymbolwidth_padding_dim=\dimen189
\l__glossaries_tree_level_int=\count355
\glstreeindent=\skip78
))
\@glsxtr@leveloffset=\count356
\glsxtrresourcecount=\count357
\@glsxtrnewgls@inner=\count358
\glsshortpltok=\toks39
\glslongpltok=\toks40
 (c:/tools/TinyTeX/texmf-dist/tex/latex/glossaries-extra/glossaries-extra-abbrstyles.def
File: glossaries-extra-abbrstyles.def 2026/04/21 v2.1 (NLCT)
)
\mglselementindex=\count359
) (c:/tools/TinyTeX/texmf-dist/tex/latex/amsfonts/amssymb.sty
Package: amssymb 2013/01/14 v3.01 AMS font symbols
 (c:/tools/TinyTeX/texmf-dist/tex/latex/amsfonts/amsfonts.sty
Package: amsfonts 2013/01/14 v3.01 Basic AMSFonts support
\symAMSa=\mathgroup4
\symAMSb=\mathgroup5
LaTeX Font Info:    Redeclaring math symbol \hbar on input line 98.
LaTeX Font Info:    Overwriting math alphabet `\mathfrak' in version `bold'
(Font)                  U/euf/m/n --> U/euf/b/n on input line 106.
)) (c:/tools/TinyTeX/texmf-dist/tex/latex/booktabs/booktabs.sty
Package: booktabs 2020/01/12 v1.61803398 Publication quality tables
\heavyrulewidth=\dimen190
\lightrulewidth=\dimen191
\cmidrulewidth=\dimen192
\belowrulesep=\dimen193
\belowbottomsep=\dimen194
\aboverulesep=\dimen195
\abovetopsep=\dimen196
\cmidrulesep=\dimen197
\cmidrulekern=\dimen198
\defaultaddspace=\dimen199
\@cmidla=\count360
\@cmidlb=\count361
\@aboverulesep=\dimen256
\@belowrulesep=\dimen257
\@thisruleclass=\count362
\@lastruleclass=\count363
\@thisrulewidth=\dimen258
) (c:/tools/TinyTeX/texmf-dist/tex/latex/tools/array.sty
Package: array 2025/09/25 v2.6n Tabular extension package (FMi)
\col@sep=\dimen259
\ar@mcellbox=\box63
\extrarowheight=\dimen260
\NC@list=\toks41
\extratabsurround=\skip79
\backup@length=\skip80
\ar@cellbox=\box64
) (c:/tools/TinyTeX/texmf-dist/tex/latex/xcolor/xcolor.sty
Package: xcolor 2024/09/29 v3.02 LaTeX color extensions (UK)
 (c:/tools/TinyTeX/texmf-dist/tex/latex/graphics-cfg/color.cfg
File: color.cfg 2016/01/02 v1.6 sample color configuration
)
Package xcolor Info: Driver file: pdftex.def on input line 274.
 (c:/tools/TinyTeX/texmf-dist/tex/latex/graphics/mathcolor.ltx)
Package xcolor Info: Model `cmy' substituted by `cmy0' on input line 1349.
Package xcolor Info: Model `hsb' substituted by `rgb' on input line 1353.
Package xcolor Info: Model `RGB' extended on input line 1365.
Package xcolor Info: Model `HTML' substituted by `rgb' on input line 1367.
Package xcolor Info: Model `Hsb' substituted by `hsb' on input line 1368.
Package xcolor Info: Model `tHsb' substituted by `hsb' on input line 1369.
Package xcolor Info: Model `HSB' substituted by `hsb' on input line 1370.
Package xcolor Info: Model `Gray' substituted by `gray' on input line 1371.
Package xcolor Info: Model `wave' substituted by `hsb' on input line 1372.
) (c:/tools/TinyTeX/texmf-dist/tex/latex/braket/braket.sty) (c:/tools/TinyTeX/texmf-dist/tex/latex/caption/subcaption.sty
Package: subcaption 2023/07/28 v1.6b Sub-captions (AR)
 (c:/tools/TinyTeX/texmf-dist/tex/latex/caption/caption.sty
Package: caption 2023/08/05 v3.6o Customizing captions (AR)
 (c:/tools/TinyTeX/texmf-dist/tex/latex/caption/caption3.sty
Package: caption3 2023/07/31 v2.4d caption3 kernel (AR)
\caption@tempdima=\dimen261
\captionmargin=\dimen262
\caption@leftmargin=\dimen263
\caption@rightmargin=\dimen264
\caption@width=\dimen265
\caption@indent=\dimen266
\caption@parindent=\dimen267
\caption@hangindent=\dimen268
Package caption Info: Standard document class detected.
)
\c@caption@flags=\count364
\c@continuedfloat=\count365
Package caption Info: hyperref package is loaded.
Package caption Info: listings package is loaded.
Package caption Info: longtable package is loaded.
 (c:/tools/TinyTeX/texmf-dist/tex/latex/caption/ltcaption.sty
Package: ltcaption 2021/01/08 v1.4c longtable captions (AR)
))
Package caption Info: New subtype `subfigure' on input line 238.
\c@subfigure=\count366
Package caption Info: New subtype `subtable' on input line 238.
\c@subtable=\count367
) (c:/tools/TinyTeX/texmf-dist/tex/latex/graphics/rotating.sty
Package: rotating 2025/01/14 v2.16e rotated objects in LaTeX
\c@r@tfl@t=\count368
\rotFPtop=\skip81
\rotFPbot=\skip82
\rot@float@box=\box65
\rot@mess@toks=\toks42
) (c:/tools/TinyTeX/texmf-dist/tex/latex/biblatex/biblatex.sty
Package: biblatex 2025/07/10 v3.21 programmable bibliographies (PK/MW)
 (c:/tools/TinyTeX/texmf-dist/tex/latex/logreq/logreq.sty
Package: logreq 2010/08/04 v1.0 xml request logger
\lrq@indent=\count369
 (c:/tools/TinyTeX/texmf-dist/tex/latex/logreq/logreq.def
File: logreq.def 2010/08/04 v1.0 logreq spec v1.0
))
\c@tabx@nest=\count370
\c@listtotal=\count371
\c@listcount=\count372
\c@liststart=\count373
\c@liststop=\count374
\c@citecount=\count375
\c@citetotal=\count376
\c@multicitecount=\count377
\c@multicitetotal=\count378
\c@instcount=\count379
\c@maxnames=\count380
\c@minnames=\count381
\c@maxitems=\count382
\c@minitems=\count383
\c@citecounter=\count384
\c@maxcitecounter=\count385
\c@savedcitecounter=\count386
\c@uniquelist=\count387
\c@uniquename=\count388
\c@refsection=\count389
\c@refsegment=\count390
\c@maxextratitle=\count391
\c@maxextratitleyear=\count392
\c@maxextraname=\count393
\c@maxextradate=\count394
\c@maxextraalpha=\count395
\c@abbrvpenalty=\count396
\c@highnamepenalty=\count397
\c@lownamepenalty=\count398
\c@maxparens=\count399
\c@parenlevel=\count400
\blx@tempcnta=\count401
\blx@tempcntb=\count402
\blx@tempcntc=\count403
\c@blx@maxsection=\count404
\blx@maxsegment@0=\count405
\blx@notetype=\count406
\blx@parenlevel@text=\count407
\blx@parenlevel@foot=\count408
\blx@sectionciteorder@0=\count409
\blx@sectionciteorderinternal@0=\count410
\blx@entrysetcounter=\count411
\blx@biblioinstance=\count412
\labelnumberwidth=\skip83
\labelalphawidth=\skip84
\biblabelsep=\skip85
\bibitemsep=\skip86
\bibnamesep=\skip87
\bibinitsep=\skip88
\bibparsep=\skip89
\bibhang=\skip90
\blx@bcfin=\read2
\blx@bcfout=\write3
\blx@langwohyphens=\language3
\c@mincomprange=\count413
\c@maxcomprange=\count414
\c@mincompwidth=\count415
Package biblatex Info: Trying to load biblatex default data model...
Package biblatex Info: ... file 'blx-dm.def' found.
 (c:/tools/TinyTeX/texmf-dist/tex/latex/biblatex/blx-dm.def
File: blx-dm.def 2025/07/10 v3.21 biblatex datamodel (PK/MW)
)
Package biblatex Info: Trying to load biblatex custom data model...
Package biblatex Info: ... file 'biblatex-dm.cfg' not found.
\c@afterword=\count416
\c@savedafterword=\count417
\c@annotator=\count418
\c@savedannotator=\count419
\c@author=\count420
\c@savedauthor=\count421
\c@bookauthor=\count422
\c@savedbookauthor=\count423
\c@commentator=\count424
\c@savedcommentator=\count425
\c@editor=\count426
\c@savededitor=\count427
\c@editora=\count428
\c@savededitora=\count429
\c@editorb=\count430
\c@savededitorb=\count431
\c@editorc=\count432
\c@savededitorc=\count433
\c@foreword=\count434
\c@savedforeword=\count435
\c@holder=\count436
\c@savedholder=\count437
\c@introduction=\count438
\c@savedintroduction=\count439
\c@namea=\count440
\c@savednamea=\count441
\c@nameb=\count442
\c@savednameb=\count443
\c@namec=\count444
\c@savednamec=\count445
\c@translator=\count446
\c@savedtranslator=\count447
\c@shortauthor=\count448
\c@savedshortauthor=\count449
\c@shorteditor=\count450
\c@savedshorteditor=\count451
\c@labelname=\count452
\c@savedlabelname=\count453
\c@institution=\count454
\c@savedinstitution=\count455
\c@lista=\count456
\c@savedlista=\count457
\c@listb=\count458
\c@savedlistb=\count459
\c@listc=\count460
\c@savedlistc=\count461
\c@listd=\count462
\c@savedlistd=\count463
\c@liste=\count464
\c@savedliste=\count465
\c@listf=\count466
\c@savedlistf=\count467
\c@location=\count468
\c@savedlocation=\count469
\c@organization=\count470
\c@savedorganization=\count471
\c@origlocation=\count472
\c@savedoriglocation=\count473
\c@origpublisher=\count474
\c@savedorigpublisher=\count475
\c@publisher=\count476
\c@savedpublisher=\count477
\c@language=\count478
\c@savedlanguage=\count479
\c@origlanguage=\count480
\c@savedoriglanguage=\count481
\c@pageref=\count482
\c@savedpageref=\count483
\shorthandwidth=\skip91
\shortjournalwidth=\skip92
\shortserieswidth=\skip93
\shorttitlewidth=\skip94
\shortauthorwidth=\skip95
\shorteditorwidth=\skip96
\locallabelnumberwidth=\skip97
\locallabelalphawidth=\skip98
\localshorthandwidth=\skip99
\localshortjournalwidth=\skip100
\localshortserieswidth=\skip101
\localshorttitlewidth=\skip102
\localshortauthorwidth=\skip103
\localshorteditorwidth=\skip104
Package biblatex Info: Trying to load compatibility code...
Package biblatex Info: ... file 'blx-compat.def' found.
 (c:/tools/TinyTeX/texmf-dist/tex/latex/biblatex/blx-compat.def
File: blx-compat.def 2025/07/10 v3.21 biblatex compatibility (PK/MW)
)
Package biblatex Info: Trying to load generic definitions...
Package biblatex Info: ... file 'biblatex.def' found.
 (c:/tools/TinyTeX/texmf-dist/tex/latex/biblatex/biblatex.def
File: biblatex.def 2025/07/10 v3.21 biblatex compatibility (PK/MW)
\c@textcitecount=\count484
\c@textcitetotal=\count485
\c@textcitemaxnames=\count486
\c@biburlbigbreakpenalty=\count487
\c@biburlbreakpenalty=\count488
\c@biburlnumpenalty=\count489
\c@biburlucpenalty=\count490
\c@biburllcpenalty=\count491
\biburlbigskip=\muskip19
\biburlnumskip=\muskip20
\biburlucskip=\muskip21
\biburllcskip=\muskip22
\c@smartand=\count492
)
Package biblatex Info: Trying to load bibliography style 'numeric'...
Package biblatex Info: ... file 'numeric.bbx' found.
 (c:/tools/TinyTeX/texmf-dist/tex/latex/biblatex/bbx/numeric.bbx
File: numeric.bbx 2025/07/10 v3.21 biblatex bibliography style (PK/MW)
Package biblatex Info: Trying to load bibliography style 'standard'...
Package biblatex Info: ... file 'standard.bbx' found.
 (c:/tools/TinyTeX/texmf-dist/tex/latex/biblatex/bbx/standard.bbx
File: standard.bbx 2025/07/10 v3.21 biblatex bibliography style (PK/MW)
\c@bbx:relatedcount=\count493
\c@bbx:relatedtotal=\count494
))
Package biblatex Info: Trying to load citation style 'numeric'...
Package biblatex Info: ... file 'numeric.cbx' found.
 (c:/tools/TinyTeX/texmf-dist/tex/latex/biblatex/cbx/numeric.cbx
File: numeric.cbx 2025/07/10 v3.21 biblatex citation style (PK/MW)
Package biblatex Info: Redefining '\cite'.
Package biblatex Info: Redefining '\parencite'.
Package biblatex Info: Redefining '\footcite'.
Package biblatex Info: Redefining '\footcitetext'.
Package biblatex Info: Redefining '\smartcite'.
Package biblatex Info: Redefining '\supercite'.
Package biblatex Info: Redefining '\textcite'.
Package biblatex Info: Redefining '\textcites'.
Package biblatex Info: Redefining '\cites'.
Package biblatex Info: Redefining '\parencites'.
Package biblatex Info: Redefining '\smartcites'.
)
Package biblatex Info: Trying to load configuration file...
Package biblatex Info: ... file 'biblatex.cfg' found.
 (c:/tools/TinyTeX/texmf-dist/tex/latex/biblatex/biblatex.cfg
File: biblatex.cfg 
)
Package biblatex Info: Input encoding 'utf8' detected.
Package biblatex Info: Document encoding is UTF8 ....
 (c:/tools/TinyTeX/texmf-dist/tex/latex/l3kernel/expl3.sty
Package: expl3 2026-01-19 L3 programming layer (loader) 
 (c:/tools/TinyTeX/texmf-dist/tex/latex/l3backend/l3backend-pdftex.def
File: l3backend-pdftex.def 2025-10-09 L3 backend support: PDF output (pdfTeX)
\l__color_backend_stack_int=\count495
))
Package biblatex Info: ... and expl3
(biblatex)             2026-01-19 L3 programming layer (loader) 
(biblatex)             is new enough (at least 2020/04/06),
(biblatex)             setting 'casechanger=expl3'.
 (c:/tools/TinyTeX/texmf-dist/tex/latex/biblatex/blx-case-expl3.sty (c:/tools/TinyTeX/texmf-dist/tex/latex/l3packages/xparse/xparse.sty
Package: xparse 2025-10-09 L3 Experimental document command parser
)
Package: blx-case-expl3 2025/07/10 v3.21 expl3 case changing code for biblatex
))
Package hyperref Info: Option `colorlinks' set `true' on input line 48.
 (c:/tools/TinyTeX/texmf-dist/tex/latex/listings/lstlang1.sty
File: lstlang1.sty 2025/11/14 1.11b listings language file
)
\@quotelevel=\count496
\@quotereset=\count497
 (./report.aux
\g__glossaries_gls_ref_main_int=\count498
)
\openout1 = `report.aux'.

LaTeX Font Info:    Checking defaults for OML/cmm/m/it on input line 267.
LaTeX Font Info:    ... okay on input line 267.
LaTeX Font Info:    Checking defaults for OMS/cmsy/m/n on input line 267.
LaTeX Font Info:    ... okay on input line 267.
LaTeX Font Info:    Checking defaults for OT1/cmr/m/n on input line 267.
LaTeX Font Info:    ... okay on input line 267.
LaTeX Font Info:    Checking defaults for T1/cmr/m/n on input line 267.
LaTeX Font Info:    ... okay on input line 267.
LaTeX Font Info:    Checking defaults for TS1/cmr/m/n on input line 267.
LaTeX Font Info:    ... okay on input line 267.
LaTeX Font Info:    Checking defaults for OMX/cmex/m/n on input line 267.
LaTeX Font Info:    ... okay on input line 267.
LaTeX Font Info:    Checking defaults for U/cmr/m/n on input line 267.
LaTeX Font Info:    ... okay on input line 267.
LaTeX Font Info:    Checking defaults for PD1/pdf/m/n on input line 267.
LaTeX Font Info:    ... okay on input line 267.
LaTeX Font Info:    Checking defaults for PU/pdf/m/n on input line 267.
LaTeX Font Info:    ... okay on input line 267.

*geometry* detected driver: pdftex
*geometry* verbose mode - [ preamble ] result:
* driver: pdftex
* paper: custom
* layout: <same size as paper>
* layoutoffset:(h,v)=(0.0pt,0.0pt)
* modes: includehead 
* h-part:(L,W,R)=(85.35826pt, 441.01773pt, 71.13188pt)
* v-part:(T,H,B)=(0.0pt, 788.14125pt, 56.9055pt)
* \paperwidth=597.50787pt
* \paperheight=845.04675pt
* \textwidth=441.01773pt
* \textheight=720.46213pt
* \oddsidemargin=13.08827pt
* \evensidemargin=13.08827pt
* \topmargin=-72.26999pt
* \headheight=42.67912pt
* \headsep=25.0pt
* \topskip=11.0pt
* \footskip=30.0pt
* \marginparwidth=59.0pt
* \marginparsep=10.0pt
* \columnsep=10.0pt
* \skip\footins=10.0pt plus 4.0pt minus 2.0pt
* \hoffset=0.0pt
* \voffset=0.0pt
* \mag=1000
* \@twocolumnfalse
* \@twosidefalse
* \@mparswitchfalse
* \@reversemarginfalse
* (1in=72.27pt=25.4mm, 1cm=28.453pt)

(c:/tools/TinyTeX/texmf-dist/tex/latex/epstopdf-pkg/epstopdf-base.sty
Package: epstopdf-base 2020-01-24 v2.11 Base part for package epstopdf
Package epstopdf-base Info: Redefining graphics rule for `.eps' on input line 485.
 (c:/tools/TinyTeX/texmf-dist/tex/latex/latexconfig/epstopdf-sys.cfg
File: epstopdf-sys.cfg 2010/07/13 v1.3 Configuration of (r)epstopdf for TeX Live
))
\c@lstlisting=\count499
Package hyperref Info: Link coloring ON on input line 267.
 (./report.out) (./report.out)
\@outlinefile=\write4
\openout4 = `report.out'.

Package caption Info: Begin \AtBeginDocument code.
Package caption Info: rotating package is loaded.
Package caption Info: End \AtBeginDocument code.
Package biblatex Info: Trying to load language 'english'...
Package biblatex Info: ... file 'english.lbx' found.
 (c:/tools/TinyTeX/texmf-dist/tex/latex/biblatex/lbx/english.lbx
File: english.lbx 2025/07/10 v3.21 biblatex localization (PK/MW)
)
Package biblatex Info: Input encoding 'utf8' detected.
Package biblatex Info: Automatic encoding selection.
(biblatex)             Assuming data encoding 'utf8'.
\openout3 = `report.bcf'.

Package biblatex Info: Trying to load bibliographic data...
Package biblatex Info: ... file 'report.bbl' found.
 (./report.bbl)
Package biblatex Info: Reference section=0 on input line 267.
Package biblatex Info: Reference segment=0 on input line 267.
<UCD_Logo.pdf, id=430, 196.735pt x 286.06876pt>
File: UCD_Logo.pdf Graphic file (type pdf)
<use UCD_Logo.pdf>
Package pdftex.def Info: UCD_Logo.pdf  used on input line 269.
(pdftex.def)             Requested size: 117.40549pt x 170.71652pt.
 [0

] [1{c:/tools/TinyTeX/texmf-var/fonts/map/pdftex/updmap/pdftex.map} <./UCD_Logo.pdf>] (./report.toc
LaTeX Font Info:    Calculating math sizes for size <11> on input line 1.


LaTeX Font Warning: Font shape `OT1/cmr/m/n' in size <5.5> not available
(Font)              size <5> substituted on input line 1.


LaTeX Font Warning: Font shape `OML/cmm/m/it' in size <5.5> not available
(Font)              size <5> substituted on input line 1.


LaTeX Font Warning: Font shape `OMS/cmsy/m/n' in size <5.5> not available
(Font)              size <5> substituted on input line 1.

LaTeX Font Info:    Trying to load font information for U+msa on input line 1.
(c:/tools/TinyTeX/texmf-dist/tex/latex/amsfonts/umsa.fd
File: umsa.fd 2013/01/14 v3.01 AMS symbols A
)
LaTeX Font Info:    Trying to load font information for U+msb on input line 1.
 (c:/tools/TinyTeX/texmf-dist/tex/latex/amsfonts/umsb.fd
File: umsb.fd 2013/01/14 v3.01 AMS symbols B
)
Package acronym Info: Label `acro:vqc' newly defined as it shall be overridden
although it is yet undefined on input line 39.
Package acronym Info: Label `acro:vqc' overridden on input line 68.

pdfTeX warning (ext4): destination with the same identifier (name{page.1}) has been already used, duplicate ignored
<to be read again> 
                   \relax 
l.73 ...mECOC} Ensemble Analysis}{33}{section.4.3}
                                                  % [1

]
Package acronym Info: Label `acro:vqc' overridden on input line 94.
Package acronym Info: Label `acro:vqc' overridden on input line 115.
)
\tf@toc=\write5
\openout5 = `report.toc'.

 [2] [3

]

Package glossaries Info: Preparing to sort glossary `main' (total number of
(glossaries)             referenced entries: 38)

[4


] [5]
Package acronym Info: Label `acro:vqc' overridden on input line 315.
Package acronym Info: Label `acro:f1' newly defined as it shall be overridden
although it is yet undefined on input line 319.
 [6

]
Chapter 1.
Package acronym Info: Label `acro:qml' newly defined as it shall be overridden
although it is yet undefined on input line 334.
Package acronym Info: Label `acro:vqc' overridden on input line 334.
Package acronym Info: Label `acro:ecoc' newly defined as it shall be overridden
although it is yet undefined on input line 336.

Overfull \hbox (21.68642pt too wide) in paragraph at lines 340--341
[][][][]\T1/cmss/m/n/10.95 Validation-weighted de-cod-ing[][] of the [][] out-puts pro-vides the di-rect op-er-at-ing mode of \T1/cmtt/m/n/10.95 QuantumECOC\T1/cmss/m/n/10.95 ,
 []

[7

] [8] [9] [10]
Chapter 2.
Package acronym Info: Label `acro:f1' overridden on input line 436.
Package acronym Info: Label `acro:oof' newly defined as it shall be overridden
although it is yet undefined on input line 441.
[11

] [12]
Package acronym Info: Label `acro:qnn' newly defined as it shall be overridden
although it is yet undefined on input line 471.

Overfull \hbox (2.29765pt too wide) in paragraph at lines 471--472
[]\T1/cmss/m/n/10.95 Structured ini-tial-i-sa-tion, lo-cal cost func-tions and re-stricted cir-cuit de-signs are com-mon re-sponses [[][]8[][]].
 []

[13]
Package acronym Info: Label `acro:qsvc' newly defined as it shall be overridden
although it is yet undefined on input line 479.
Package acronym Info: Label `acro:seqsvm' newly defined as it shall be overridden
although it is yet undefined on input line 486.
 [14] [15]
Chapter 3.

Overfull \hbox (16.35205pt too wide) in paragraph at lines 521--522
[]\T1/cmss/m/n/10.95 Validation-weighted [][] de-cod-ing formed the di-rect op-er-at-ing mode of \T1/cmtt/m/n/10.95 QuantumECOC\T1/cmss/m/n/10.95 . \T1/cmtt/m/n/10.95 StackedECOC
 []

[16

]
Package acronym Info: Label `acro:uci' newly defined as it shall be overridden
although it is yet undefined on input line 536.
Package acronym Info: Label `acro:ctg' newly defined as it shall be overridden
although it is yet undefined on input line 540.
 [17] [18]
Package acronym Info: Label `acro:svc' newly defined as it shall be overridden
although it is yet undefined on input line 597.
Package acronym Info: Label `acro:rbf' newly defined as it shall be overridden
although it is yet undefined on input line 597.
 [19]
Package acronym Info: Label `acro:rx' newly defined as it shall be overridden
although it is yet undefined on input line 625.
Package acronym Info: Label `acro:rz' newly defined as it shall be overridden
although it is yet undefined on input line 625.
Package acronym Info: Label `acro:rzz' newly defined as it shall be overridden
although it is yet undefined on input line 627.
Package acronym Info: Label `acro:cz' newly defined as it shall be overridden
although it is yet undefined on input line 629.
 [20]
LaTeX Font Info:    Font shape `T1/cmtt/bx/n' in size <17.28> not available
(Font)              Font shape `T1/cmtt/m/n' tried instead on input line 656.
 [21] [22] [23] [24] [25] [26] [27]
Package acronym Info: Label `acro:jsonl' newly defined as it shall be overridden
although it is yet undefined on input line 831.
 [28]
Chapter 4.
[29

]
<figures/plot4.png, id=905, 946.28531pt x 378.66469pt>
File: figures/plot4.png Graphic file (type png)
<use figures/plot4.png>
Package pdftex.def Info: figures/plot4.png  used on input line 904.
(pdftex.def)             Requested size: 418.96548pt x 167.653pt.
 [30 <./figures/plot4.png>]
<figures/plot1.png, id=916, 810.77907pt x 308.65312pt>
File: figures/plot1.png Graphic file (type png)
<use figures/plot1.png>
Package pdftex.def Info: figures/plot1.png  used on input line 943.
(pdftex.def)             Requested size: 418.96548pt x 159.49738pt.
 [31 <./figures/plot1.png>]
<figures/plot2.png, id=923, 795.72281pt x 401.24907pt>
File: figures/plot2.png Graphic file (type png)
<use figures/plot2.png>
Package pdftex.def Info: figures/plot2.png  used on input line 955.
(pdftex.def)             Requested size: 418.96548pt x 211.26505pt.
<figures/plot3.png, id=924, 805.50937pt x 407.27156pt>
File: figures/plot3.png Graphic file (type png)
<use figures/plot3.png>
Package pdftex.def Info: figures/plot3.png  used on input line 969.
(pdftex.def)             Requested size: 418.96548pt x 211.83214pt.
 [32 <./figures/plot2.png>]
<figures/plot5.png, id=934, 1003.49907pt x 408.77719pt>
File: figures/plot5.png Graphic file (type png)
<use figures/plot5.png>
Package pdftex.def Info: figures/plot5.png  used on input line 991.
(pdftex.def)             Requested size: 418.96548pt x 170.66853pt.
 [33 <./figures/plot3.png>]
<figures/plot6.png, id=942, 922.19531pt x 414.79968pt>
File: figures/plot6.png Graphic file (type png)
<use figures/plot6.png>
Package pdftex.def Info: figures/plot6.png  used on input line 1007.
(pdftex.def)             Requested size: 418.96548pt x 188.44933pt.
 [34 <./figures/plot5.png> <./figures/plot6.png>]
<figures/plot7.png, id=950, 990.70125pt x 402.00188pt>
File: figures/plot7.png Graphic file (type png)
<use figures/plot7.png>
Package pdftex.def Info: figures/plot7.png  used on input line 1023.
(pdftex.def)             Requested size: 418.96548pt x 170.0051pt.
 [35 <./figures/plot7.png>] [36] [37]
Overfull \hbox (15.3426pt too wide) in paragraph at lines 1124--1124
[]\T1/cmss/bx/n/17.28 Cross-Stage Rank-ing and Performance--Cost Anal-
 []

[38] [39]
Chapter 5.

Overfull \hbox (10.06616pt too wide) in paragraph at lines 1179--1179
[][] \T1/cmss/bx/n/17.28 Com-po-nent Anal-y-sis and Pro-gres-sive Search
 []

Package acronym Info: Label `acro:fyp' newly defined as it shall be overridden
although it is yet undefined on input line 1193.
[40

] [41]
Package acronym Info: Label `acro:swap' newly defined as it shall be overridden
although it is yet undefined on input line 1245.
Package acronym Info: Label `acro:nisq' newly defined as it shall be overridden
although it is yet undefined on input line 1247.
 [42] [43]
Chapter 6.
[44

] [45]
Appendix A.
[46

]
Appendix B.
Package acronym Info: Label `acro:json' newly defined as it shall be overridden
although it is yet undefined on input line 1369.
[47

]
Appendix C.
[48

]
Appendix D.
[49

]
Appendix E.
[50

]
Appendix F.
Package acronym Info: Label `acro:hpc' newly defined as it shall be overridden
although it is yet undefined on input line 1408.
[51

] [52

]

LaTeX Font Warning: Font shape `T1/cmss/m/sc' in size <11> not available
(Font)              Font shape `T1/cmr/m/sc' tried instead on input line 1421.


Overfull \hbox (23.74658pt too wide) in paragraph at lines 1422--1422
\T1/cmr/m/sc/10.95 issn\T1/cmss/m/n/10.95 : 2468-1113. \T1/cmr/m/sc/10.95 doi\T1/cmss/m/n/10.95 : [][]$\T1/cmtt/m/n/10.95 10 . 1016 / j . comtox . 2025 . 100388$[][]\T1/cmss/m/n/10.95 . \T1/cmr/m/sc/10.95 url\T1/cmss/m/n/10.95 : [][]$\T1/cmtt/m/n/10.95 https : / / www . sciencedirect .
 []

[53

]
Overfull \hbox (50.50142pt too wide) in paragraph at lines 1422--1422
\T1/cmss/m/it/10.95 tice and Ex-pe-ri-ence \T1/cmss/m/n/10.95 37.15 (2025). _eprint: https://onlinelibrary.wiley.com/doi/pdf/10.1002/cpe.70166,
 []


Overfull \hbox (125.22014pt too wide) in paragraph at lines 1422--1422
\T1/cmss/m/n/10.95 chine learn-ing''. In: \T1/cmss/m/it/10.95 Con-tem-po-rary Physics \T1/cmss/m/n/10.95 56.2 (Apr. 3, 2015). _eprint: https://doi.org/10.1080/00107514.2014.964942,
 []

[54] [55] 
enddocument/afterlastpage (AED): lastpage setting LastPage.
(./report.aux)
 ***********
LaTeX2e <2025-11-01>
L3 programming layer <2026-01-19>
 ***********


LaTeX Font Warning: Size substitutions with differences
(Font)              up to 0.5pt have occurred.

Package rerunfilecheck Info: File `report.out' has not changed.
(rerunfilecheck)             Checksum: 6B443D7468A64CE927C9B436DEB610EC;22471.
Package logreq Info: Writing requests to 'report.run.xml'.
\openout1 = `report.run.xml'.

 ) 
Here is how much of TeX's memory you used:
 33826 strings out of 469515
 652453 string characters out of 5467662
 1591781 words of memory out of 5000000
 61895 multiletter control sequences out of 15000+600000
 644883 words of font info for 80 fonts, out of 8000000 for 9000
 14 hyphenation exceptions out of 8191
 93i,12n,131p,2580b,1802s stack positions out of 10000i,1000n,20000p,200000b,200000s
 <c:/tools/TinyTeX/texmf-var/fonts/pk/ljfour/jknappen/ec/eccc1095.600pk> <c:/tools/TinyTeX/texmf-var/fonts/pk/ljfour/jknappen/ec/ecsi1095.600pk> <c:/tools/TinyTeX/texmf-var/fonts/pk/ljfour/jknappen/ec/ectt1728.600pk> <c:/tools/TinyTeX/texmf-var/fonts/pk/ljfour/jknappen/ec/ecss1000.600pk> <c:/tools/TinyTeX/texmf-var/fonts/pk/ljfour/jknappen/ec/ecsx1728.600pk> <c:/tools/TinyTeX/texmf-var/fonts/pk/ljfour/jknappen/ec/ecss2074.600pk> <c:/tools/TinyTeX/texmf-var/fonts/pk/ljfour/jknappen/ec/tcss1095.600pk> <c:/tools/TinyTeX/texmf-var/fonts/pk/ljfour/jknappen/ec/ectt1095.600pk> <c:/tools/TinyTeX/texmf-var/fonts/pk/ljfour/jknappen/ec/ecsx1095.600pk> <c:/tools/TinyTeX/texmf-var/fonts/pk/ljfour/jknappen/ec/ecsx2074.600pk> <c:/tools/TinyTeX/texmf-var/fonts/pk/ljfour/jknappen/ec/ecss1095.600pk> <c:/tools/TinyTeX/texmf-var/fonts/pk/ljfour/jknappen/ec/ecss1200.600pk> <c:/tools/TinyTeX/texmf-var/fonts/pk/ljfour/jknappen/ec/ecsx1440.600pk> <c:/tools/TinyTeX/texmf-var/fonts/pk/ljfour/jknappen/ec/ecss1440.600pk> <c:/tools/TinyTeX/texmf-var/fonts/pk/ljfour/jknappen/ec/ecss1728.600pk> <c:/tools/TinyTeX/texmf-var/fonts/pk/ljfour/jknappen/ec/ecsx2488.600pk> <c:/tools/TinyTeX/texmf-var/fonts/pk/ljfour/jknappen/ec/ecss2488.600pk><c:/tools/TinyTeX/texmf-dist/fonts/type1/public/amsfonts/cm/cmmi10.pfb><c:/tools/TinyTeX/texmf-dist/fonts/type1/public/amsfonts/cm/cmr10.pfb><c:/tools/TinyTeX/texmf-dist/fonts/type1/public/amsfonts/cm/cmr8.pfb><c:/tools/TinyTeX/texmf-dist/fonts/type1/public/amsfonts/cm/cmsy10.pfb>
Output written on report.pdf (57 pages, 737893 bytes).
PDF statistics:
 1941 PDF objects out of 2073 (max. 8388607)
 1229 compressed objects within 13 object streams
 268 named destinations out of 1000 (max. 500000)
 889 words of extra memory for PDF output out of 10000 (max. 10000000)

